core_cm7.h:2079:26:NVIC_EncodePriority.constprop	0	static
tim.c:112:6:MX_TIM2_Init	56	static
tim.c:156:6:MX_TIM3_Init	56	static
tim.c:200:6:MX_TIM4_Init	56	static
tim.c:244:6:MX_TIM5_Init	56	static
tim.c:288:6:MX_TIM6_Init	32	static,ignoring_inline_asm
tim.c:320:6:MX_TIM7_Init	32	static,ignoring_inline_asm
tim.c:429:6:HAL_TIM_PWM_MspInit	8	static
tim.c:456:6:HAL_TIM_Encoder_MspInit	80	static
tim.c:573:6:HAL_TIM_MspPostInit	40	static
tim.c:35:6:MX_TIM1_Init	96	static
tim.c:352:6:MX_TIM8_Init	96	static
tim.c:627:6:HAL_TIM_PWM_MspDeInit	0	static
tim.c:654:6:HAL_TIM_Encoder_MspDeInit	8	static
