stm32h7xx_ll_bus.h:2057:22:LL_APB1_GRP1_ForceReset	0	static
stm32h7xx_ll_bus.h:2119:22:LL_APB1_GRP1_ReleaseReset	0	static
stm32h7xx_ll_tim.c:217:13:LL_TIM_DeInit	8	static
stm32h7xx_ll_tim.c:334:6:LL_TIM_StructInit	0	static
stm32h7xx_ll_tim.c:352:13:LL_TIM_Init	0	static
stm32h7xx_ll_tim.c:403:6:LL_TIM_OC_StructInit	0	static
stm32h7xx_ll_tim.c:431:13:LL_TIM_OC_Init	12	static
stm32h7xx_ll_tim.c:468:6:LL_TIM_IC_StructInit	0	static
stm32h7xx_ll_tim.c:490:13:LL_TIM_IC_Init	8	static
stm32h7xx_ll_tim.c:520:6:LL_TIM_ENCODER_StructInit	0	static
stm32h7xx_ll_tim.c:542:13:LL_TIM_ENCODER_Init	12	static
stm32h7xx_ll_tim.c:604:6:LL_TIM_HALLSENSOR_StructInit	0	static
stm32h7xx_ll_tim.c:633:13:LL_TIM_HALLSENSOR_Init	20	static
stm32h7xx_ll_tim.c:711:6:LL_TIM_BDTR_StructInit	0	static
stm32h7xx_ll_tim.c:743:13:LL_TIM_BDTR_Init	8	static
