stm32h7xx_ll_rcc.h:1693:26:LL_RCC_HSE_IsReady	0	static
stm32h7xx_ll_rcc.h:1731:26:LL_RCC_HSI_IsReady	0	static
stm32h7xx_ll_rcc.h:1890:26:LL_RCC_CSI_IsReady	0	static
stm32h7xx_ll_rcc.h:2351:26:LL_RCC_LSE_IsReady	0	static
stm32h7xx_ll_rcc.h:3473:26:LL_RCC_GetClockSource	8	static
stm32h7xx_ll_rcc.h:4350:26:LL_RCC_PLL1_IsReady	0	static
stm32h7xx_ll_rcc.h:4664:26:LL_RCC_PLL2_IsReady	0	static
stm32h7xx_ll_rcc.h:4976:26:LL_RCC_PLL3_IsReady	0	static
stm32h7xx_ll_rcc.c:1723:17:RCC_GetHCLKClockFreq	0	static
stm32h7xx_ll_rcc.c:1734:17:RCC_GetPCLK1ClockFreq	0	static
stm32h7xx_ll_rcc.c:1745:17:RCC_GetPCLK2ClockFreq	0	static
stm32h7xx_ll_rcc.c:1767:17:RCC_GetPCLK4ClockFreq	0	static
stm32h7xx_ll_rcc.c:120:6:LL_RCC_DeInit	8	static
stm32h7xx_ll_rcc.c:515:10:LL_RCC_CalcPLLClockFreq	0	static
stm32h7xx_ll_rcc.c:286:6:LL_RCC_GetPLL1ClockFreq	24	static
stm32h7xx_ll_rcc.c:1684:17:RCC_GetSystemClockFreq	24	static
stm32h7xx_ll_rcc.c:260:6:LL_RCC_GetSystemClocksFreq	8	static
stm32h7xx_ll_rcc.c:360:6:LL_RCC_GetPLL2ClockFreq	24	static
stm32h7xx_ll_rcc.c:434:6:LL_RCC_GetPLL3ClockFreq	24	static
stm32h7xx_ll_rcc.c:534:10:LL_RCC_GetUSARTClockFreq	24	static
stm32h7xx_ll_rcc.c:609:10:LL_RCC_GetLPUARTClockFreq	24	static
stm32h7xx_ll_rcc.c:673:10:LL_RCC_GetI2CClockFreq	24	static
stm32h7xx_ll_rcc.c:972:10:LL_RCC_GetSDMMCClockFreq	24	static
stm32h7xx_ll_rcc.c:1010:10:LL_RCC_GetRNGClockFreq	24	static
stm32h7xx_ll_rcc.c:1061:10:LL_RCC_GetCECClockFreq	8	static
stm32h7xx_ll_rcc.c:1103:10:LL_RCC_GetUSBClockFreq	24	static
stm32h7xx_ll_rcc.c:1149:10:LL_RCC_GetDFSDMClockFreq	8	static
stm32h7xx_ll_rcc.c:1248:10:LL_RCC_GetSPDIFClockFreq	24	static
stm32h7xx_ll_rcc.c:1413:10:LL_RCC_GetSWPClockFreq	8	static
stm32h7xx_ll_rcc.c:1445:10:LL_RCC_GetFDCANClockFreq	24	static
stm32h7xx_ll_rcc.c:1633:10:LL_RCC_GetCLKPClockFreq	8	static
stm32h7xx_ll_rcc.c:733:10:LL_RCC_GetLPTIMClockFreq	24	static
stm32h7xx_ll_rcc.c:818:10:LL_RCC_GetSAIClockFreq	24	static
stm32h7xx_ll_rcc.c:930:10:LL_RCC_GetADCClockFreq	24	static
stm32h7xx_ll_rcc.c:1303:10:LL_RCC_GetSPIClockFreq	24	static
stm32h7xx_ll_rcc.c:1490:10:LL_RCC_GetFMCClockFreq	24	static
stm32h7xx_ll_rcc.c:1537:10:LL_RCC_GetQSPIClockFreq	24	static
